stm32f4xx_it.c:25:6:NMI_Handler	4	static
stm32f4xx_it.c:34:6:HardFault_Handler	4	static
stm32f4xx_it.c:47:6:MemManage_Handler	4	static
stm32f4xx_it.c:60:6:BusFault_Handler	4	static
stm32f4xx_it.c:73:6:UsageFault_Handler	4	static
stm32f4xx_it.c:86:6:SVC_Handler	4	static
stm32f4xx_it.c:95:6:DebugMon_Handler	4	static
stm32f4xx_it.c:104:6:PendSV_Handler	4	static
stm32f4xx_it.c:116:6:SysTick_Handler	8	static
stm32f4xx_it.c:127:6:EXTI2_IRQHandler	8	static
stm32f4xx_it.c:142:6:EXTI3_IRQHandler	8	static
stm32f4xx_it.c:156:6:DMA2_Stream0_IRQHandler	8	static
